// Jest Snapshot v1, https://goo.gl/fbAQLP

exports[`fetchFeed correct parameters resolves to json data 1`] = `
Object {
  "response": Object {
    "items": Object {
      "http://avisenagder.no/nyheter/vil-ha-ungdommen-med-pa-ukm/19.51190": Object {
        "content": "© Avisen Agder A/S 2018. Alt innhold er opphavsrettslig beskyttet. Avisen Agder arbeider etter V�r Varsom - plakatens regler for god presseskikk. Avisen Agder har ikke ansvar for innhold p� eksterne nettsider som det lenkes til. Denne nettavisen benytter publiseringsl�sningen News. Flow utviklet og hostet av Thin AS. Redakt�r: Kristen Munksgaard Adresse: Avisen Agder A/S, Postboks 40, 4401 Flekkefjord Tlf: 38 32 03 00 - Faks: 38 32 45 60Send oss en e - post Denne nettavisen benytter publiseringsl�sningen News. Flow utviklet og hostet av Thin AS.",
        "description": "Arne Skage jr. innr�mmer at det har v�rt lite interesse for UKM s� langt. N� h�per han p� flere p�meldinger.",
        "host": "avisenagder.no",
        "image": "https://avisenagder.no/bilder/nyheter/nyhetbig/83187.jpg",
        "posted": "2018-01-26T20:14:00.000Z",
        "title": "Vil ha ungdommen med på UKM",
        "url": "http://avisenagder.no/nyheter/vil-ha-ungdommen-med-pa-ukm/19.51190",
      },
      "http://maritshagedagbok.blogspot.com/2018/01/peoner-i-hagen.html": Object {
        "content": "I dag skal jeg skrive om om de peonene jeg har. Mange de stammer opprinnelig fra min farmors hage. Min onkel bor der nå, og jeg fikk hente alle de jeg ville ha. Så jeg tok meg meg de jeg orket å grave opp, og det var ikke få. Peoner forbinder jeg både med min farmor og min tante, og på den andre siden av familien var min mormor også hagegal ; ) Så arveplanter og blomstergener kan være godt å ta med seg : ) Men tilbake til peonene. De blomstrer som regel fra slutten av mai til begynnelsen av juli. Som med primula så er det også sånn med peonene, og med mye annet i hagen. Det er det berømmelige samlergenet som slår til. ; ) Når jeg ser en peon jeg får lyst på er ikke veien så lang til handling ; ) I mange år hadde jeg bare staudepeoner dvs. de som fryser helt ned og starter fra nye spirer om våren. Jeg kjøpte noen rockii på en planteauksjon her i hagelaget og de var mine første trepeoner. Siden har jeg importert mine \\"egne\\" rockii fra Kina, og for noen år siden kjøpte jeg min første ITOH peon. De er en krysning mellom trepeon og rockii. De er så dyre her, at jeg foreløpig bare har en. Men den har overlevd, og det frister med flere. Paeonia er det latinske navnet på de. står det veldig mye nyttig info om peoner/paeonia. Men så til noen bilder! De aller fleste jeg har er silkepeoner/ P. lactiflora. De andre sortene står det da navn på hvilken art det er. Denne kommer fra min farmor. Silkepeon på sitt beste. . og denne som ligner på 'Bowl of Beauty', men vet ikke om det er den. En av de mest kjente silkepeoner 'Sarah Bernhard' 'Buckeye Belle' 'Sorbet' Dette var min første trepeon, Paeonia delavai Denne vet jeg fortsatt ikke navnet på, men det gjør ikke noe. Den tiltrekker seg masse insekter. 'Athena' 'Candy Heart' Paeonia ITOH 'White Emperor' Paeonia veitchii med vakkert bladverk 'Krinkled White' Denne blomstret for aller første gang i fjor etter å hatt den i ti år. Paeonia obovata var. alba Paeonia rockii med de karakteriskiske mørke flekkene. Nok en rockii. De finnes i farger fra hvitt, rosa og til lilla. Jeg har mange av disse, og flyttet mange av de i 2016. Håper at de vil blomstre igjen i år : ) Jeg har mange flere, men det er grenser for hvor mange jeg kan vise her ; ) Jeg gleder meg allerede til årets blomstring! God helg! .",
        "description": "I dag skal jeg skrive om om de peonene jeg har. Mange de stammer opprinnelig fra min farmors hage.  Min onkel bor der nå, og jeg fikk hente ...",
        "host": "maritshagedagbok.blogspot.com",
        "image": "https://1.bp.blogspot.com/-AE_9I_ECR-c/Wms1qQ5ocuI/AAAAAAABnyM/m_S0RiN1bSsFvKqPKS8YbZLdDo9uOfakQCLcBGAs/w1200-h630-p-k-no-nu/hvit%2Bpeon.jpg",
        "posted": "2018-01-26T20:12:00.000Z",
        "title": "Peoner i hagen...",
        "url": "http://maritshagedagbok.blogspot.com/2018/01/peoner-i-hagen.html",
      },
      "http://saltenposten.no/nyheter/mann-i-50-arene-mistenkt-for-kjoring-i-narkorus/19.15769": Object {
        "content": "Mann i 50-�rene mistenkt for kj�ring i narkorus Politiet hadde rutinekontroll p� Fauske og fattet mistanke om rus da de stoppet sj�f�ren. Tekst: Page Flow Publisert: 26. 01. 2018 kl 21: 15 Saltenposten A/S Skriv ut Send til en venn Del p� Facebook Del artikkel p� Twitter FAUSKE: Det var litt f�r klokka 15 fredag at politiet stanset en bil i Fauske sentrum, for � gjennomf�re en rutinekontroll med tanke p� rus. –⁠ Det var en bil patruljen kom over og som vi �nsket � foreta kontroll av. Da vi snakket med f�reren mistenkte vi at han var ruset p� narkotika. Han ble tatt med til legekontoret hvor det ble tatt blodpr�ve, sier Jon Inge Moen hos Politiet i Nordland. Deretter ble vedkommende, en mann i midten av 50-�rene, avh�rt av politiet, og f�rerkortet beslaglagt. –⁠ Kj�rte mannen p� noen m�te som vakte mistanke om rus? - Vi stopper mange, vi, s� dette var en ren rutinestans. .",
        "description": "Politiet hadde rutinekontroll p� Fauske og fattet mistanke om rus da de stoppet sj�f�ren.",
        "host": "saltenposten.no",
        "image": "https://saltenposten.no/bilder/nyheter/nyhetbig/24787.jpg",
        "posted": "2018-01-26T20:15:06.000Z",
        "title": "Mann i 50-årene mistenkt for kjøring i narkorus",
        "url": "http://saltenposten.no/nyheter/mann-i-50-arene-mistenkt-for-kjoring-i-narkorus/19.15769",
      },
      "http://www.agderposten.no/sport/la-inn-god-soknad-om-jerv-kontrakt-1.2239983": Object {
        "content": "Fereira er en av tre prøvespillere som for tiden viser seg frem hos Jerv. I 4-0-seieren over Vindbjart i sesongens første treningskamp, viste brasilianskamerikaneren at han har potensial. Han scoret et mål selv og skaffet også laget straffespark. Dermed har han gitt de som sitter med ansvaret for det sportslige noe å tenke på de neste dagene med tanke på om han skal få kontrakt med Grimstad - klubben eller ikke. –⁠ Jeg er fornøyd med egen innsats. Min første kamp og jeg trives veldig godt i Jerv. Vi spilte fantastisk og det føltes fantastisk bra å score et mål. –⁠ Jeg trives veldig godt i Grimstad, som er helt annerledes enn det jeg er vant med. Jerv har tatt veldig godt imot meg og det har gått lett å komme inn i laget, sier Fereira, som legger til at han fortsatt ikke er i kampform, og at han for tiden er på 75 prosent av det han er god for. Vil se mer Jerv - trener Arne Sandstø sier han vil se mer av Fereira den kommende tiden. –⁠ Luke er en av banens beste i dag og leverte en veldig god kamp. Han har scoret jevnt på trening og har et stort register. Jeg regner med at han blir værende en stund til, sier Jerv - trener Arne Sandstø. Jerv hadde full kontroll på kampen fra første stund. Det gikk 12 minutter før Jerv var i ledelsen mot 3. divisjonslaget Vindbjart. Kristoffer Tønnessen fant Martin Hoel Andersen, som elegant styrte inn kampens første fulltreffer. Aram Khalili brukte 18 minutter på å score sitt første mål for Jerv etter overgangen fra Bryne, da han headet inn en pasning fra Glenn Andersen. Like etter pause satte prøvespiller Luke Fereira inn 3-0, etter heller slapt forsvarsspill hos Vindbjart. Glenn Andersen fikk sjansen fra straffemerket etter at prøvespiller Fereira hadde blitt felt. Men de siste sesongers Jerv - kaptein klarte ikke å overliste Vindbjart - keeperen, som reddet 37-åringens forsøk. På slutten satte dagens andre prøvespiller Qudus Lawal inn Jervs fjerde for dagen. Fornøyd Sandstø var fornøyd med det han så av sine elever på Myra. –⁠ Vi var solide defensivt og tillater ikke sjanser imot, jobber bra som lag og bruker en del av det vi har jobbet med til nå. Det handler om relasjoner fremfor seier, men det er deilig å vinne fotballkamper. –⁠ Vi kunne vært flinkere til å bruke Qudus Lawal, som er rask og har muskler på topp, men fikk ikke brukt ham så mye vi ønsket i dag, legger Sandstø til. sporten@agderposten. no.",
        "description": "Prøvespiller Luke Fereira fikk vist seg frem og ble belønnet med scoring da han fikk sjansen mot Vindbjart.",
        "host": "agderposten.no",
        "image": "https://www.agderposten.no/polopoly_fs/1.2239982.1516997819!/image/2904706212.jpg_gen/derivatives/derivative_480/2904706212.jpg",
        "posted": "2018-01-26T20:16:59.000Z",
        "title": "La inn god søknad om Jerv-kontrakt",
        "url": "http://www.agderposten.no/sport/la-inn-god-soknad-om-jerv-kontrakt-1.2239983",
      },
      "http://www.nordlys.no/lekkasje/vann/tromso/matte-evakuere-da-sprinkleranlegget-plutselig-ble-utlost-slikt-skal-ikke-skje/s/5-34-776896": Object {
        "content": "Torsdag kveld oppsto det en feil på sprinkleranlegget hos Kondomeriet og Egon i Tromsø sentrum. –⁠ Det er jo sånt som ikke skal skje, sier Aid Schei Lillegård hotelldirektør ved Thon Hotell. Det er Thon Hotellbygg som eier lokalene til Kondomeriet og Egon. Måtte evakuere. Egon måtte evakuere lokalet i går kveld da det ble feil på to av sprinklerne hos dem. –⁠ Det ga seg etter kort tid, men vi måtte rette opp og refundere måltidet til flere av kundene våre, sier Linnea Nilsen, daglig leder hos Egon. Ifølge Nilsen ble Kondomeriet rammet hardest. Vet ikke hvorfor - Vi vet lite om hvorfor det egentlig skjedde, sier Johanne Pettersen hos Kondomeriet. Det var en av sprinklene i hjørnet av butikken som det hadde gått galt med. –⁠ Det er hovedsaklig det hjørnet som ble rammet, sier Pettersen.",
        "description": "",
        "host": "nordlys.no",
        "image": "https://g.acdn.no/obscura/API/dynamic/r1/ece5/tr_1080_810_l_f/0000/noly/2018/1/26/17/IMG_6019.JPG?chk=24701B",
        "posted": "2018-01-26T20:22:26.000Z",
        "title": "Måtte evakuere da sprinkleranlegget plutselig ble utløst: –⁠ Slikt skal ikke skje",
        "url": "http://www.nordlys.no/lekkasje/vann/tromso/matte-evakuere-da-sprinkleranlegget-plutselig-ble-utlost-slikt-skal-ikke-skje/s/5-34-776896",
      },
      "http://www.op.no/larvik/nyheter/larvik-brannvesen/rykker-ut-til-lekkasje-fra-bensinpumpe/s/5-36-511750": Object {
        "content": "Brannmannskaper fra Larvik rykker ut til lekkasje i en bensinpumpe i Nansetgata. Saken oppdateres .",
        "description": "",
        "host": "op.no",
        "image": "https://r.acdn.no/local/v3/publications/www.op.no/gfx/square_logo.jpg",
        "posted": "2018-01-26T20:15:36.000Z",
        "title": "Rykker ut til lekkasje fra bensinpumpe",
        "url": "http://www.op.no/larvik/nyheter/larvik-brannvesen/rykker-ut-til-lekkasje-fra-bensinpumpe/s/5-36-511750",
      },
      "https://www.adressa.no/100Sport/vintersport/Gratende-Norendal-trakk-seg-fra-X-Games-finalen-249121b.html": Object {
        "content": "Snøfall og vind gjorde at mange av deltakerne slet med å få nok fart på hoppene i Aspen fredag. Det øker risikoen for fall og skapte utrygghet for flere. Norendal var én av flere deltakere som valgte å trekke seg før start. 24-åringen begynte å gråte etter at beslutningen ble tatt. –⁠ Silje kommer til å trekke seg fra finalen. Hun har hatt en dårlig trening, og kommer ikke over hoppene skikkelig. Det er store hopp og det er helserisiko ikke å ha riktig fart, sier landslagstrener Sondre Hylland til NRK. Amerikaner faltØsterrikske Anna Gasser trakk seg også. Blant dem som startet var den amerikanske stjernen Jamie Anderson. Hun fikk et ublidt møte med snøen allerede i sitt første forsøk og måtte få legetilsyn i målområdet. Silje Norendal må dermed rette fokus mot Big Air - finalen i Aspen. Den kjøres lørdag. Mennenes Big Air - finale går allerede fredag (natt til lørdag norsk tid) . Der skulle Ståle Sandbech forsvart de norske fargene, men han har valgt å trekke seg som følge av fallet han pådro seg i kvalifiseringen til slopestylekonkurransen i Aspen. OL - håpets plass overtas av Mons Røisland.",
        "description": "–⁠ Det er helserisiko, sier landslagstreneren.",
        "host": "adressa.no",
        "image": "https://vertical.snd.no/images/80d1a91a-ce4b-4da6-ab94-450485b424c5?fit=crop&h=551&q=80&w=980",
        "posted": "2018-01-26T20:12:59.000Z",
        "title": "Gråtende Norendal trakk seg fra X Games-finalen",
        "url": "https://www.adressa.no/100Sport/vintersport/Gratende-Norendal-trakk-seg-fra-X-Games-finalen-249121b.html",
      },
      "https://www.adressa.no/meninger/ordetfritt/2018/01/26/Hvis-det-er-monstre-du-ser-etter-vil-du-da-greie-%C3%A5-se-det-er-den-snille-moren-naboen-den-greie-bestefaren-15973393.ece": Object {
        "content": "Justisministeren kaller pedofile overgripere monstre som skal tas – lik og del – og får heltestatus. Jeg er sterkt uenig i retorikken, med begrunnelse i 6–7 års jobbing med og fagkompetanse på overgrepstematikken, og blir kalt pedofil, hore, dumme faen, en vits, syk i hodet, drittunge, overgriper, kynisk, overgripernes høye beskytter osv. i kommentarfeltene. At retorikken til justisministeren og flere andre aktivt kan hindre avdekking av pågående overgrep, og vanskeliggjør forebygging av overgrep, er tydeligvis ikke relevant. Overgripere har kke grønne neser. I tillegg er en slik retorikk en slags anerkjennelse av borgervernmentaliteten vi ser blir godtatt i samfunnet, uten å tenke på rettssikkerhet for verken overgrepsutsatte eller den potensielle overgriperen som må gjennomgå etterforskning, sak og dom i sosiale medier. Jeg har ett spørsmål: Dersom det er monstre du ser etter når du ønsker å hjelpe barn utsatt for pågående overgrep, vil du da greie å tro at det er den snille moren, den hyggelige naboen, den engasjerte treneren, den greie bestefaren? Overgripere går ikke rundt med grønne neser. De grusomhetene de gjør mot barn er ikke synlig for resten av samfunnet. Du ser ikke etter et monster – du ser etter hvem som helst. Ikke «ødelagt for livet»Dessuten, alle overgrepsutsatte er ikke «ødelagt for resten av livet», jf. gjentatte utsagn i NRK Debatten. Ingen mennesker er ødelagt. De bærer med seg livet og virkningene av det. Men ødelagte? Nei. Å stigmatisere overgrepsutsatte på den måten hører et annet tiår til, og jeg trodde vi var ferdig med det. Hele dette feltet, med alle nyanser, er et enormt stykke arbeid som vi ikke løser med hat, stigma, kunnskapsløshet og populistiske lik og del - bilder. Det krever et tett samarbeid mellom alle aktører som jobber med saken, på nasjonalt og lokalt nivå. Med et traumebevisst, adekvat og spesialisert tilbud til denne gruppen, så kan de som så mange andre mennesker med utfordringer i livet, greie å få et godt liv. Det koster penger. Vi trenger dialog – og at styringsinstansene lytter til kompetansen som finnes. Dette er en intens bønn om nettopp det, Sylvi Listhaug: La oss snakke sammen, lytt til oss! .",
        "description": "«Jeg er sterkt uenig i retorikken, med begrunnelse i 6–7 års jobbing med- og fagkompetanse på overgrepstematikken» skriver Elin Skjeltorp i dette debattinnlegget.",
        "host": "adressa.no",
        "image": "https://www.adressa.no/meninger/ordetfritt/article15973392.ece/bfl4oc/ALTERNATES/w980-default/tc87a6a0",
        "posted": "2018-01-26T20:16:54.000Z",
        "title": "Hvis det er monstre du ser etter, vil du da greie å se det er den snille moren, naboen, den greie bestefaren?",
        "url": "https://www.adressa.no/meninger/ordetfritt/2018/01/26/Hvis-det-er-monstre-du-ser-etter-vil-du-da-greie-%C3%A5-se-det-er-den-snille-moren-naboen-den-greie-bestefaren-15973393.ece",
      },
      "https://www.adressa.no/nyheter/innenriks/2018/01/26/Ap-har-f%C3%A5tt-bekymringsmeldinger-om-en-profilert-partimann-15977481.ece": Object {
        "content": "Partisekretær Kjersti Stenseng fortalte nylig at partiet har mottatt et tjuetalls metoo - saker, hvor under halvparten gjelder Trond Giske. Dagbladet skriver fredag kveld at avisen vet at én av de resterende sakene på partiledelsens bord gjelder bekymringsmeldinger om en annen sentral Ap - politiker. Partikontoret skal ha mottatt både skriftlige og muntlige henvendelser om mannen. –⁠ Jeg har full tiltro til at det vil være ordentlige prosesser. Om noen mener noe om meg så skal vi selvfølgelig ta det gjennom de riktige prosessene, sier mannen til Dagbladet. Henvendelsene om mannen er koblet til metoo - kampanjen og gjelder pågående sjekking på partiarrangementer, tidvis mot yngre kvinner i skjeve maktforhold, ifølge Dagbladet. I motsetning til i Giske - saken er verken skriftlige eller muntlige bekymringsmeldinger sendt inn av personer som selv har opplevd ubehag med mannen, men av tredjeparter som mener de har observert ufin oppførsel.",
        "description": "Dagbladet skriver at Ap har fått flere bekymringsmeldinger om en sentral Ap-politiker.",
        "host": "adressa.no",
        "image": "https://www.adressa.no/incoming/article15977485.ece/vu9m6m/ALTERNATES/w980-default/tc7cdf0d.jpg",
        "posted": "2018-01-26T20:18:12.000Z",
        "title": "Ap har fått bekymringsmeldinger om en profilert partimann",
        "url": "https://www.adressa.no/nyheter/innenriks/2018/01/26/Ap-har-f%C3%A5tt-bekymringsmeldinger-om-en-profilert-partimann-15977481.ece",
      },
      "https://www.strikkeoppskrift.com/dagens-kjopeoppskrift-lyngsgenseren": Object {
        "content": "Annonse Dagens kjøpeoppskrift Dagens kjøpeoppskrift: Lyngsgenseren Det er mange flinke strikkere, både norske og utenlandske, som legger ut egne oppskrifter til salgs på nett. Hver dag legger vi ut tips om en slik oppskrift. Dagens oppskrift: Lyngsgenseren av Linda Steinsland Foto: Linda Steinsland ANNONSE: Garn og utstyr hos Adlibris → 20 % på nyheten Adlibris Felting Wool → 20 % på Baby Ull fra Dale Garn og Novita → Järbo sokkegarn fra 14,- → 4 nøster garn for 99,- → 20 - 40 % på strikkepinner og heklenåler → 20 % på et utvalg garn fra Dale Garn Populære innlegg Dagens kjøpeoppskrift: Uglelue Dagens kjøpeoppskrift: Grovstrikka jakke Dagens kjøpeoppskrift: Yndlingen .",
        "description": "",
        "host": "strikkeoppskrift.com",
        "image": "",
        "posted": "2018-01-26T20:18:43.000Z",
        "title": "Dagens kjøpeoppskrift: Lyngsgenseren",
        "url": "https://www.strikkeoppskrift.com/dagens-kjopeoppskrift-lyngsgenseren",
      },
    },
    "timestamp": "2018-02-09T00:00:00.000Z",
  },
}
`;

exports[`normalizeData matches snapshot 1`] = `
Object {
  "http://avisenagder.no/nyheter/vil-ha-ungdommen-med-pa-ukm/19.51190": Object {
    "content": "© Avisen Agder A/S 2018. Alt innhold er opphavsrettslig beskyttet. Avisen Agder arbeider etter V�r Varsom - plakatens regler for god presseskikk. Avisen Agder har ikke ansvar for innhold p� eksterne nettsider som det lenkes til. Denne nettavisen benytter publiseringsl�sningen News. Flow utviklet og hostet av Thin AS. Redakt�r: Kristen Munksgaard Adresse: Avisen Agder A/S, Postboks 40, 4401 Flekkefjord Tlf: 38 32 03 00 - Faks: 38 32 45 60Send oss en e - post Denne nettavisen benytter publiseringsl�sningen News. Flow utviklet og hostet av Thin AS.",
    "description": "Arne Skage jr. innr�mmer at det har v�rt lite interesse for UKM s� langt. N� h�per han p� flere p�meldinger.",
    "host": "avisenagder.no",
    "image": "https://avisenagder.no/bilder/nyheter/nyhetbig/83187.jpg",
    "posted": "2018-01-26T20:14:00.000Z",
    "title": "Vil ha ungdommen med på UKM",
    "url": "http://avisenagder.no/nyheter/vil-ha-ungdommen-med-pa-ukm/19.51190",
  },
  "http://maritshagedagbok.blogspot.com/2018/01/peoner-i-hagen.html": Object {
    "content": "I dag skal jeg skrive om om de peonene jeg har. Mange de stammer opprinnelig fra min farmors hage. Min onkel bor der nå, og jeg fikk hente alle de jeg ville ha. Så jeg tok meg meg de jeg orket å grave opp, og det var ikke få. Peoner forbinder jeg både med min farmor og min tante, og på den andre siden av familien var min mormor også hagegal ; ) Så arveplanter og blomstergener kan være godt å ta med seg : ) Men tilbake til peonene. De blomstrer som regel fra slutten av mai til begynnelsen av juli. Som med primula så er det også sånn med peonene, og med mye annet i hagen. Det er det berømmelige samlergenet som slår til. ; ) Når jeg ser en peon jeg får lyst på er ikke veien så lang til handling ; ) I mange år hadde jeg bare staudepeoner dvs. de som fryser helt ned og starter fra nye spirer om våren. Jeg kjøpte noen rockii på en planteauksjon her i hagelaget og de var mine første trepeoner. Siden har jeg importert mine \\"egne\\" rockii fra Kina, og for noen år siden kjøpte jeg min første ITOH peon. De er en krysning mellom trepeon og rockii. De er så dyre her, at jeg foreløpig bare har en. Men den har overlevd, og det frister med flere. Paeonia er det latinske navnet på de. står det veldig mye nyttig info om peoner/paeonia. Men så til noen bilder! De aller fleste jeg har er silkepeoner/ P. lactiflora. De andre sortene står det da navn på hvilken art det er. Denne kommer fra min farmor. Silkepeon på sitt beste. . og denne som ligner på 'Bowl of Beauty', men vet ikke om det er den. En av de mest kjente silkepeoner 'Sarah Bernhard' 'Buckeye Belle' 'Sorbet' Dette var min første trepeon, Paeonia delavai Denne vet jeg fortsatt ikke navnet på, men det gjør ikke noe. Den tiltrekker seg masse insekter. 'Athena' 'Candy Heart' Paeonia ITOH 'White Emperor' Paeonia veitchii med vakkert bladverk 'Krinkled White' Denne blomstret for aller første gang i fjor etter å hatt den i ti år. Paeonia obovata var. alba Paeonia rockii med de karakteriskiske mørke flekkene. Nok en rockii. De finnes i farger fra hvitt, rosa og til lilla. Jeg har mange av disse, og flyttet mange av de i 2016. Håper at de vil blomstre igjen i år : ) Jeg har mange flere, men det er grenser for hvor mange jeg kan vise her ; ) Jeg gleder meg allerede til årets blomstring! God helg! .",
    "description": "I dag skal jeg skrive om om de peonene jeg har. Mange de stammer opprinnelig fra min farmors hage.  Min onkel bor der nå, og jeg fikk hente ...",
    "host": "maritshagedagbok.blogspot.com",
    "image": "https://1.bp.blogspot.com/-AE_9I_ECR-c/Wms1qQ5ocuI/AAAAAAABnyM/m_S0RiN1bSsFvKqPKS8YbZLdDo9uOfakQCLcBGAs/w1200-h630-p-k-no-nu/hvit%2Bpeon.jpg",
    "posted": "2018-01-26T20:12:00.000Z",
    "title": "Peoner i hagen...",
    "url": "http://maritshagedagbok.blogspot.com/2018/01/peoner-i-hagen.html",
  },
  "http://saltenposten.no/nyheter/mann-i-50-arene-mistenkt-for-kjoring-i-narkorus/19.15769": Object {
    "content": "Mann i 50-�rene mistenkt for kj�ring i narkorus Politiet hadde rutinekontroll p� Fauske og fattet mistanke om rus da de stoppet sj�f�ren. Tekst: Page Flow Publisert: 26. 01. 2018 kl 21: 15 Saltenposten A/S Skriv ut Send til en venn Del p� Facebook Del artikkel p� Twitter FAUSKE: Det var litt f�r klokka 15 fredag at politiet stanset en bil i Fauske sentrum, for � gjennomf�re en rutinekontroll med tanke p� rus. –⁠ Det var en bil patruljen kom over og som vi �nsket � foreta kontroll av. Da vi snakket med f�reren mistenkte vi at han var ruset p� narkotika. Han ble tatt med til legekontoret hvor det ble tatt blodpr�ve, sier Jon Inge Moen hos Politiet i Nordland. Deretter ble vedkommende, en mann i midten av 50-�rene, avh�rt av politiet, og f�rerkortet beslaglagt. –⁠ Kj�rte mannen p� noen m�te som vakte mistanke om rus? - Vi stopper mange, vi, s� dette var en ren rutinestans. .",
    "description": "Politiet hadde rutinekontroll p� Fauske og fattet mistanke om rus da de stoppet sj�f�ren.",
    "host": "saltenposten.no",
    "image": "https://saltenposten.no/bilder/nyheter/nyhetbig/24787.jpg",
    "posted": "2018-01-26T20:15:06.000Z",
    "title": "Mann i 50-årene mistenkt for kjøring i narkorus",
    "url": "http://saltenposten.no/nyheter/mann-i-50-arene-mistenkt-for-kjoring-i-narkorus/19.15769",
  },
  "http://www.agderposten.no/sport/la-inn-god-soknad-om-jerv-kontrakt-1.2239983": Object {
    "content": "Fereira er en av tre prøvespillere som for tiden viser seg frem hos Jerv. I 4-0-seieren over Vindbjart i sesongens første treningskamp, viste brasilianskamerikaneren at han har potensial. Han scoret et mål selv og skaffet også laget straffespark. Dermed har han gitt de som sitter med ansvaret for det sportslige noe å tenke på de neste dagene med tanke på om han skal få kontrakt med Grimstad - klubben eller ikke. –⁠ Jeg er fornøyd med egen innsats. Min første kamp og jeg trives veldig godt i Jerv. Vi spilte fantastisk og det føltes fantastisk bra å score et mål. –⁠ Jeg trives veldig godt i Grimstad, som er helt annerledes enn det jeg er vant med. Jerv har tatt veldig godt imot meg og det har gått lett å komme inn i laget, sier Fereira, som legger til at han fortsatt ikke er i kampform, og at han for tiden er på 75 prosent av det han er god for. Vil se mer Jerv - trener Arne Sandstø sier han vil se mer av Fereira den kommende tiden. –⁠ Luke er en av banens beste i dag og leverte en veldig god kamp. Han har scoret jevnt på trening og har et stort register. Jeg regner med at han blir værende en stund til, sier Jerv - trener Arne Sandstø. Jerv hadde full kontroll på kampen fra første stund. Det gikk 12 minutter før Jerv var i ledelsen mot 3. divisjonslaget Vindbjart. Kristoffer Tønnessen fant Martin Hoel Andersen, som elegant styrte inn kampens første fulltreffer. Aram Khalili brukte 18 minutter på å score sitt første mål for Jerv etter overgangen fra Bryne, da han headet inn en pasning fra Glenn Andersen. Like etter pause satte prøvespiller Luke Fereira inn 3-0, etter heller slapt forsvarsspill hos Vindbjart. Glenn Andersen fikk sjansen fra straffemerket etter at prøvespiller Fereira hadde blitt felt. Men de siste sesongers Jerv - kaptein klarte ikke å overliste Vindbjart - keeperen, som reddet 37-åringens forsøk. På slutten satte dagens andre prøvespiller Qudus Lawal inn Jervs fjerde for dagen. Fornøyd Sandstø var fornøyd med det han så av sine elever på Myra. –⁠ Vi var solide defensivt og tillater ikke sjanser imot, jobber bra som lag og bruker en del av det vi har jobbet med til nå. Det handler om relasjoner fremfor seier, men det er deilig å vinne fotballkamper. –⁠ Vi kunne vært flinkere til å bruke Qudus Lawal, som er rask og har muskler på topp, men fikk ikke brukt ham så mye vi ønsket i dag, legger Sandstø til. sporten@agderposten. no.",
    "description": "Prøvespiller Luke Fereira fikk vist seg frem og ble belønnet med scoring da han fikk sjansen mot Vindbjart.",
    "host": "agderposten.no",
    "image": "https://www.agderposten.no/polopoly_fs/1.2239982.1516997819!/image/2904706212.jpg_gen/derivatives/derivative_480/2904706212.jpg",
    "posted": "2018-01-26T20:16:59.000Z",
    "title": "La inn god søknad om Jerv-kontrakt",
    "url": "http://www.agderposten.no/sport/la-inn-god-soknad-om-jerv-kontrakt-1.2239983",
  },
  "http://www.nordlys.no/lekkasje/vann/tromso/matte-evakuere-da-sprinkleranlegget-plutselig-ble-utlost-slikt-skal-ikke-skje/s/5-34-776896": Object {
    "content": "Torsdag kveld oppsto det en feil på sprinkleranlegget hos Kondomeriet og Egon i Tromsø sentrum. –⁠ Det er jo sånt som ikke skal skje, sier Aid Schei Lillegård hotelldirektør ved Thon Hotell. Det er Thon Hotellbygg som eier lokalene til Kondomeriet og Egon. Måtte evakuere. Egon måtte evakuere lokalet i går kveld da det ble feil på to av sprinklerne hos dem. –⁠ Det ga seg etter kort tid, men vi måtte rette opp og refundere måltidet til flere av kundene våre, sier Linnea Nilsen, daglig leder hos Egon. Ifølge Nilsen ble Kondomeriet rammet hardest. Vet ikke hvorfor - Vi vet lite om hvorfor det egentlig skjedde, sier Johanne Pettersen hos Kondomeriet. Det var en av sprinklene i hjørnet av butikken som det hadde gått galt med. –⁠ Det er hovedsaklig det hjørnet som ble rammet, sier Pettersen.",
    "description": "",
    "host": "nordlys.no",
    "image": "https://g.acdn.no/obscura/API/dynamic/r1/ece5/tr_1080_810_l_f/0000/noly/2018/1/26/17/IMG_6019.JPG?chk=24701B",
    "posted": "2018-01-26T20:22:26.000Z",
    "title": "Måtte evakuere da sprinkleranlegget plutselig ble utløst: –⁠ Slikt skal ikke skje",
    "url": "http://www.nordlys.no/lekkasje/vann/tromso/matte-evakuere-da-sprinkleranlegget-plutselig-ble-utlost-slikt-skal-ikke-skje/s/5-34-776896",
  },
  "http://www.op.no/larvik/nyheter/larvik-brannvesen/rykker-ut-til-lekkasje-fra-bensinpumpe/s/5-36-511750": Object {
    "content": "Brannmannskaper fra Larvik rykker ut til lekkasje i en bensinpumpe i Nansetgata. Saken oppdateres .",
    "description": "",
    "host": "op.no",
    "image": "https://r.acdn.no/local/v3/publications/www.op.no/gfx/square_logo.jpg",
    "posted": "2018-01-26T20:15:36.000Z",
    "title": "Rykker ut til lekkasje fra bensinpumpe",
    "url": "http://www.op.no/larvik/nyheter/larvik-brannvesen/rykker-ut-til-lekkasje-fra-bensinpumpe/s/5-36-511750",
  },
  "https://www.adressa.no/100Sport/vintersport/Gratende-Norendal-trakk-seg-fra-X-Games-finalen-249121b.html": Object {
    "content": "Snøfall og vind gjorde at mange av deltakerne slet med å få nok fart på hoppene i Aspen fredag. Det øker risikoen for fall og skapte utrygghet for flere. Norendal var én av flere deltakere som valgte å trekke seg før start. 24-åringen begynte å gråte etter at beslutningen ble tatt. –⁠ Silje kommer til å trekke seg fra finalen. Hun har hatt en dårlig trening, og kommer ikke over hoppene skikkelig. Det er store hopp og det er helserisiko ikke å ha riktig fart, sier landslagstrener Sondre Hylland til NRK. Amerikaner faltØsterrikske Anna Gasser trakk seg også. Blant dem som startet var den amerikanske stjernen Jamie Anderson. Hun fikk et ublidt møte med snøen allerede i sitt første forsøk og måtte få legetilsyn i målområdet. Silje Norendal må dermed rette fokus mot Big Air - finalen i Aspen. Den kjøres lørdag. Mennenes Big Air - finale går allerede fredag (natt til lørdag norsk tid) . Der skulle Ståle Sandbech forsvart de norske fargene, men han har valgt å trekke seg som følge av fallet han pådro seg i kvalifiseringen til slopestylekonkurransen i Aspen. OL - håpets plass overtas av Mons Røisland.",
    "description": "–⁠ Det er helserisiko, sier landslagstreneren.",
    "host": "adressa.no",
    "image": "https://vertical.snd.no/images/80d1a91a-ce4b-4da6-ab94-450485b424c5?fit=crop&h=551&q=80&w=980",
    "posted": "2018-01-26T20:12:59.000Z",
    "title": "Gråtende Norendal trakk seg fra X Games-finalen",
    "url": "https://www.adressa.no/100Sport/vintersport/Gratende-Norendal-trakk-seg-fra-X-Games-finalen-249121b.html",
  },
  "https://www.adressa.no/meninger/ordetfritt/2018/01/26/Hvis-det-er-monstre-du-ser-etter-vil-du-da-greie-%C3%A5-se-det-er-den-snille-moren-naboen-den-greie-bestefaren-15973393.ece": Object {
    "content": "Justisministeren kaller pedofile overgripere monstre som skal tas – lik og del – og får heltestatus. Jeg er sterkt uenig i retorikken, med begrunnelse i 6–7 års jobbing med og fagkompetanse på overgrepstematikken, og blir kalt pedofil, hore, dumme faen, en vits, syk i hodet, drittunge, overgriper, kynisk, overgripernes høye beskytter osv. i kommentarfeltene. At retorikken til justisministeren og flere andre aktivt kan hindre avdekking av pågående overgrep, og vanskeliggjør forebygging av overgrep, er tydeligvis ikke relevant. Overgripere har kke grønne neser. I tillegg er en slik retorikk en slags anerkjennelse av borgervernmentaliteten vi ser blir godtatt i samfunnet, uten å tenke på rettssikkerhet for verken overgrepsutsatte eller den potensielle overgriperen som må gjennomgå etterforskning, sak og dom i sosiale medier. Jeg har ett spørsmål: Dersom det er monstre du ser etter når du ønsker å hjelpe barn utsatt for pågående overgrep, vil du da greie å tro at det er den snille moren, den hyggelige naboen, den engasjerte treneren, den greie bestefaren? Overgripere går ikke rundt med grønne neser. De grusomhetene de gjør mot barn er ikke synlig for resten av samfunnet. Du ser ikke etter et monster – du ser etter hvem som helst. Ikke «ødelagt for livet»Dessuten, alle overgrepsutsatte er ikke «ødelagt for resten av livet», jf. gjentatte utsagn i NRK Debatten. Ingen mennesker er ødelagt. De bærer med seg livet og virkningene av det. Men ødelagte? Nei. Å stigmatisere overgrepsutsatte på den måten hører et annet tiår til, og jeg trodde vi var ferdig med det. Hele dette feltet, med alle nyanser, er et enormt stykke arbeid som vi ikke løser med hat, stigma, kunnskapsløshet og populistiske lik og del - bilder. Det krever et tett samarbeid mellom alle aktører som jobber med saken, på nasjonalt og lokalt nivå. Med et traumebevisst, adekvat og spesialisert tilbud til denne gruppen, så kan de som så mange andre mennesker med utfordringer i livet, greie å få et godt liv. Det koster penger. Vi trenger dialog – og at styringsinstansene lytter til kompetansen som finnes. Dette er en intens bønn om nettopp det, Sylvi Listhaug: La oss snakke sammen, lytt til oss! .",
    "description": "«Jeg er sterkt uenig i retorikken, med begrunnelse i 6–7 års jobbing med- og fagkompetanse på overgrepstematikken» skriver Elin Skjeltorp i dette debattinnlegget.",
    "host": "adressa.no",
    "image": "https://www.adressa.no/meninger/ordetfritt/article15973392.ece/bfl4oc/ALTERNATES/w980-default/tc87a6a0",
    "posted": "2018-01-26T20:16:54.000Z",
    "title": "Hvis det er monstre du ser etter, vil du da greie å se det er den snille moren, naboen, den greie bestefaren?",
    "url": "https://www.adressa.no/meninger/ordetfritt/2018/01/26/Hvis-det-er-monstre-du-ser-etter-vil-du-da-greie-%C3%A5-se-det-er-den-snille-moren-naboen-den-greie-bestefaren-15973393.ece",
  },
  "https://www.adressa.no/nyheter/innenriks/2018/01/26/Ap-har-f%C3%A5tt-bekymringsmeldinger-om-en-profilert-partimann-15977481.ece": Object {
    "content": "Partisekretær Kjersti Stenseng fortalte nylig at partiet har mottatt et tjuetalls metoo - saker, hvor under halvparten gjelder Trond Giske. Dagbladet skriver fredag kveld at avisen vet at én av de resterende sakene på partiledelsens bord gjelder bekymringsmeldinger om en annen sentral Ap - politiker. Partikontoret skal ha mottatt både skriftlige og muntlige henvendelser om mannen. –⁠ Jeg har full tiltro til at det vil være ordentlige prosesser. Om noen mener noe om meg så skal vi selvfølgelig ta det gjennom de riktige prosessene, sier mannen til Dagbladet. Henvendelsene om mannen er koblet til metoo - kampanjen og gjelder pågående sjekking på partiarrangementer, tidvis mot yngre kvinner i skjeve maktforhold, ifølge Dagbladet. I motsetning til i Giske - saken er verken skriftlige eller muntlige bekymringsmeldinger sendt inn av personer som selv har opplevd ubehag med mannen, men av tredjeparter som mener de har observert ufin oppførsel.",
    "description": "Dagbladet skriver at Ap har fått flere bekymringsmeldinger om en sentral Ap-politiker.",
    "host": "adressa.no",
    "image": "https://www.adressa.no/incoming/article15977485.ece/vu9m6m/ALTERNATES/w980-default/tc7cdf0d.jpg",
    "posted": "2018-01-26T20:18:12.000Z",
    "title": "Ap har fått bekymringsmeldinger om en profilert partimann",
    "url": "https://www.adressa.no/nyheter/innenriks/2018/01/26/Ap-har-f%C3%A5tt-bekymringsmeldinger-om-en-profilert-partimann-15977481.ece",
  },
  "https://www.strikkeoppskrift.com/dagens-kjopeoppskrift-lyngsgenseren": Object {
    "content": "Annonse Dagens kjøpeoppskrift Dagens kjøpeoppskrift: Lyngsgenseren Det er mange flinke strikkere, både norske og utenlandske, som legger ut egne oppskrifter til salgs på nett. Hver dag legger vi ut tips om en slik oppskrift. Dagens oppskrift: Lyngsgenseren av Linda Steinsland Foto: Linda Steinsland ANNONSE: Garn og utstyr hos Adlibris → 20 % på nyheten Adlibris Felting Wool → 20 % på Baby Ull fra Dale Garn og Novita → Järbo sokkegarn fra 14,- → 4 nøster garn for 99,- → 20 - 40 % på strikkepinner og heklenåler → 20 % på et utvalg garn fra Dale Garn Populære innlegg Dagens kjøpeoppskrift: Uglelue Dagens kjøpeoppskrift: Grovstrikka jakke Dagens kjøpeoppskrift: Yndlingen .",
    "description": "",
    "host": "strikkeoppskrift.com",
    "image": "",
    "posted": "2018-01-26T20:18:43.000Z",
    "title": "Dagens kjøpeoppskrift: Lyngsgenseren",
    "url": "https://www.strikkeoppskrift.com/dagens-kjopeoppskrift-lyngsgenseren",
  },
}
`;
