// Jest Snapshot v1, https://goo.gl/fbAQLP

exports[`Brand renders correctly 1`] = `
<div
  className="Brand"
>
  <svg
    className="Logo"
    viewBox="0 0 564.6 300"
  >
    <path
      d="M564.6 163.8V0H0v163.8"
      fill="#ed1c24"
    />
    <path
      d="M192 42.4v8.39c-3.65-6.73-9.37-10.28-17.02-10.56-6.72 0-11.82 2.96-15.18 8.83-2.6 4.56-4.03 10.9-4.03 17.83v37.87c0 8.05 2.48 15.15 6.8 19.47 3.36 3.34 7.64 5.03 12.8 5.03 5.4 0 10.53-2.66 15.26-7.9v14.55c-.11 4.52-1.64 5.42-6.13 5.83-2.65.16-4.33-.17-5.28-1.05-1.12-1.04-1.34-2.97-1.34-5.73v-.47h-22.67l.02.48c.6 19.35 13.98 22.01 28.36 22.01 10.44 0 18.3-2.55 23.32-7.57 4.15-4.15 6.26-9.94 6.26-17.19V42.43zm-13.6 27.36c-.1-3.21.18-7.49 2.23-9.58a4.2 4.2 0 0 1 3.19-1.3c1.9 0 3.34.53 4.4 1.6 1.52 1.5 2.26 4.13 2.26 8.06v32.54c0 4.7-.74 9.51-6.12 9.51a5.5 5.5 0 0 1-4.04-1.46c-1.28-1.26-1.9-3.37-1.9-6.27V69.8zm81.7-29.54c-7.45 0-12.97 2.64-16.09 7.66V16.46h-22.65v114.7h21.16v-7.9a20.49 20.49 0 0 0 17.15 10.37c12.95-.44 19.5-10.16 19.5-28.86v-37.9c0-5.58-.93-15.83-7.08-22a16.36 16.36 0 0 0-11.98-4.68zm-3.6 62.49c0 3.55 0 8.41-2.38 10.81a5.2 5.2 0 0 1-3.88 1.44 4.08 4.08 0 0 1-3.1-1.22c-2.72-2.64-3.13-8.9-3.13-12.4V72c0-3.73.28-8.99 2.72-11.44a5.28 5.28 0 0 1 3.94-1.49c1.44 0 2.58.44 3.45 1.32 2.37 2.37 2.37 7.36 2.37 10.66v31.2zm92.8-62.48c-10.87 0-18.93 2.7-24 8-4.3 4.53-6.27 10.85-5.88 18.84l.03.43h22.6l.08-1.21c.38-6.2.65-10.66 7.84-10.66a5.9 5.9 0 0 1 4.25 1.69 8.13 8.13 0 0 1 2.12 5.77v4.08c0 6.39-5.96 8.13-13.5 10.32-1.65.48-3.36.98-5.06 1.54-9.55 3.13-19.33 8.71-19.33 26.38v7.27c0 6.3 2 11.63 5.77 15.38 3.64 3.64 8.72 5.56 14.66 5.56 8.4 0 13.04-3 18.27-8.58v6.12h21.82l.03-67.15c0-7.99-1.74-13.46-5.48-17.19-4.52-4.52-12.23-6.61-24.23-6.61zm-.42 76.51a7.6 7.6 0 0 1-5.52-2.01 7.87 7.87 0 0 1-2.1-5.72v-5.45a10.52 10.52 0 0 1 4.87-9.45c1.64-1.22 3.68-2.15 6.02-3.22a87.38 87.38 0 0 0 4.2-2v16.7c-.14 5.07-1.56 11.15-7.47 11.15zm-229.4-76.48c-10.86 0-18.92 2.7-23.99 8-4.3 4.53-6.26 10.85-5.86 18.84v.43h22.62l.08-1.21c.38-6.2.65-10.66 7.83-10.66 1.67 0 3.13.58 4.25 1.69a8.13 8.13 0 0 1 2.12 5.77v4.08c0 6.39-5.96 8.13-13.5 10.32-1.64.48-3.36.98-5.05 1.54-9.55 3.13-19.33 8.71-19.33 26.38v7.27c0 6.3 2 11.63 5.78 15.38 3.62 3.64 8.7 5.56 14.66 5.56 8.38 0 13.03-3 18.27-8.58v6.12h21.8l.03-67.15c0-7.99-1.74-13.46-5.48-17.19-4.52-4.52-12.23-6.61-24.23-6.61zm-.4 76.51a7.58 7.58 0 0 1-5.52-2.01 7.86 7.86 0 0 1-2.1-5.72v-5.45c0-5.36 2.6-7.85 4.86-9.45 1.64-1.22 3.68-2.15 6.04-3.22 1.33-.62 2.72-1.24 4.18-2v16.7c-.14 5.07-1.56 11.15-7.47 11.15zm302.1-100.2v32.31c-4.12-5.66-9.37-8.55-15.67-8.55-17.7 0-19.06 20.42-19.06 26.68v37.86c0 18.71 6.53 28.43 19.45 28.86 6.64 0 12.84-3.92 16.79-10.54v8.09h21.16V16.58zM409.1 71.52c0-3.44-.02-8.64 2.43-11.08a5.08 5.08 0 0 1 3.81-1.44c1.15-.03 2.1.34 2.9 1.11 1.94 1.9 2.93 6.2 2.93 12.77v29.41c0 7.9-1.05 12.78-6.23 12.78a4.7 4.7 0 0 1-3.5-1.32c-2.34-2.34-2.34-7.25-2.34-10.5V71.98zm71.2-31.19c-9.2.07-16.32 2.04-21.21 5.88-5.64 4.43-8.51 11.41-8.51 20.8v42.51c0 6.9 2.1 12.48 6.25 16.58 6.49 6.43 16.35 7.7 23.48 7.64 10.24-.14 17.88-2.86 22.72-8.05 4.6-4.94 6.68-12.12 6.18-21.37l-.03-.45h-22.5l-.02.44c-.05.78-.08 1.58-.12 2.35-.15 3.78-.29 7.32-2.31 9.15-1.07 1-2.63 1.42-4.76 1.31-5.65-.33-6.26-5.42-6.26-7.6V94.33h36.8v-31.4c0-6.17-1.94-11.2-5.75-14.99-6.47-6.4-16.61-7.67-23.96-7.6zm7.06 38.73h-14.1v-13.7c0-3.77.8-6.48 2.36-8.03a6.59 6.59 0 0 1 4.83-1.76c1.9 0 3.5.63 4.71 1.84a8.17 8.17 0 0 1 2.22 5.5zm54.1-36.54V26.36H518.8v16.16h-6.76v16.61h6.76v55.17c0 5.76 1.57 10.24 4.63 13.3 3.19 3.17 7.9 4.77 14.02 4.77 4.94 0 9.67-.59 14.02-1.23l.4-.05v-16.16l-1.8-.02c-1.43-.01-2.37-.04-4.3.29-1.54 0-2.54-.3-3.19-.96-.75-.74-1.12-2.02-1.12-3.92V59.24h10.4V42.62zM71.56 21.35c-7.73-4.48-18.15-4.85-27.3-4.85h-25.8v114.7h32.08c6.99 0 15.02-.57 21.58-4.85 6.9-4.31 10.32-11.68 10.48-22.49V46.93c0-9.47-1.32-19.93-11.04-25.63zM43.6 35.88c11.22.27 14.81 1.06 14.93 12.51v44.83c.25 8.17.25 13.31-2.72 16.16-2.18 2.08-6.06 2.89-12.23 2.52zM316 118.31c-2.3 0-3.95-.53-5.04-1.63-1.38-1.37-2.04-3.78-2.04-7.33V16.53h-22.6v89.85c0 10.27 2.5 16.91 7.82 20.86 4.59 3.4 11.12 4.86 21.85 4.86z"
      fill="#fff"
    />
  </svg>
</div>
`;

exports[`Feed renders correctly 1`] = `
<section
  className="Feed"
>
  <ScrollSpy
    onScroll={[Function]}
  />
  <LoadingIndicator
    isLoading={undefined}
    onClick={[Function]}
  />
  <Connect(VisibilitySpy) />
</section>
`;

exports[`FeedStory renders correctly 1`] = `
<article
  className="FeedStory"
  onClick={[Function]}
>
  <div
    className="image"
    style={
      Object {
        "backgroundImage": "url(https://newspaper.com/image.jpg)",
      }
    }
  >
    <div
      className="Brand"
    >
      <span
        className="Logo fallback"
      >
        newspaper.com
      </span>
    </div>
    <div
      className="spacer"
    />
    <h1>
      <span
        className="title"
      >
        Title of the story
      </span>
    </h1>
  </div>
</article>
`;

exports[`Filters renders correctly 1`] = `
<section
  className="Filters"
>
  <nav
    className="hosts"
  >
    <div
      className="Host active"
      onClick={[Function]}
      onDoubleClick={[Function]}
      title="skjul saker fra ap.no"
    >
      <span
        className="Icon fallback"
      >
        ap
      </span>
    </div>
    <div
      className="Host active"
      onClick={[Function]}
      onDoubleClick={[Function]}
      title="skjul saker fra db.no"
    >
      <span
        className="Icon fallback"
      >
        db
      </span>
    </div>
    <div
      className="Host"
      onClick={[Function]}
      onDoubleClick={[Function]}
      title="vis saker fra vg.no"
    >
      <svg
        className="Icon"
        viewBox="0 0 210 140"
      >
        <path
          d="M100.44 75.9l13.43-20.97H77.11C70.38 67.5 64.1 80.3 57.37 92.01l-.21-.26-18.84-36.82H.93L36.89 110H78l22.44-34.1m78.43 10.48c0 4.3.55 7.76-.55 11.56-.94 1.95-2.39 3.59-4.17 4.09-8.59-.1-16.76.04-25.9 0-2.06-.4-4.1-3.19-4.53-5.56V70.08l.55-3.23a7.9 7.9 0 0 1 3.8-3.76h24.86l2 .32c2.6 1.27 3.73 4.31 4 7.6h29.43c-.03-2.87-.45-7.78-1.41-10.2-1.32-3.13-4.43-5.44-7.15-5.88h-65.5s-9.74-.72-15.38 1.08c-2.81 1.61-4.75 5.36-4.88 9.08l-.1 28.27c.34 3.96-.81 8.7 1.4 11.67 1.94 3.68 5.3 4.55 8.56 4.97h71.2c2.7-.03 5.57.41 7.85-1.04 3.04-1.8 5-5.52 5.5-9.6l.06-20.83h-46.7l.13 7.9s11.12-.05 16.93-.05z"
        />
      </svg>
    </div>
  </nav>
  <nav
    className="tags"
  >
    <div
      className="Tag"
      onClick={[Function]}
      onDoubleClick={[Function]}
      title="vis kategorien nyheter"
    >
      nyheter
    </div>
    <div
      className="Tag"
      onClick={[Function]}
      onDoubleClick={[Function]}
      title="vis kategorien sport"
    >
      sport
    </div>
    <div
      className="Tag active"
      onClick={[Function]}
      onDoubleClick={[Function]}
      title="skjul kategorien kultur"
    >
      kultur
    </div>
  </nav>
</section>
`;

exports[`GoToTop renders correctly 1`] = `
<nav
  className="GoToTop"
  onClick={[Function]}
>
  <svg
    viewBox="0 0 640 640"
    xmlns="http://www.w3.org/2000/svg"
  >
    <path
      d="M512 530L320 338 128 530 0 402 320 82l320 320z"
    />
  </svg>
</nav>
`;

exports[`LoadingIndicator renders correctly 1`] = `
<div
  className="LoadingIndicator"
  stalled={true}
  style={
    Object {
      "cursor": "unset",
    }
  }
  title="click to reload"
>
  <div
    className="cubeGrid"
  >
    <div
      className="cube cube-0 isQuiet"
      onAnimationIteration={[Function]}
    />
    <div
      className="cube cube-1 isQuiet"
      onAnimationIteration={[Function]}
    />
    <div
      className="cube cube-2 isQuiet"
      onAnimationIteration={[Function]}
    />
    <div
      className="cube cube-3 isQuiet"
      onAnimationIteration={[Function]}
    />
    <div
      className="cube cube-4 isQuiet"
      onAnimationIteration={[Function]}
    />
    <div
      className="cube cube-5 isQuiet"
      onAnimationIteration={[Function]}
    />
    <div
      className="cube cube-6 isQuiet"
      onAnimationIteration={[Function]}
    />
    <div
      className="cube cube-7 isQuiet"
      onAnimationIteration={[Function]}
    />
    <div
      className="cube cube-8 isQuiet"
      onAnimationIteration={[Function]}
    />
  </div>
</div>
`;

exports[`Page renders correctly 1`] = `
<div
  id="pageWrapper"
>
  <header
    className="pageHeader"
  >
    <a
      href="https://sol.no"
      title="sol.no"
    >
      <Logo
        host="los.no"
        id="pageLogo"
      />
    </a>
    <Connect(Component) />
    <a
      href="https://github.com/haakenlid/db-feed"
      id="githubLink"
      title="source code"
    >
      <Icon
        host="github"
      />
    </a>
  </header>
  <Unknown />
  <main
    className="Page"
  >
    <Connect(Component) />
    <Connect(Component) />
  </main>
</div>
`;

exports[`ScrollSpy renders correctly 1`] = `
<div
  className="ScrollSpy"
>
  <hr />
</div>
`;

exports[`Story renders correctly 1`] = `
<div
  onMouseDown={[Function]}
  onTouchEnd={[Function]}
  onTouchMove={[Function]}
  onTouchStart={[Function]}
>
  <div
    className="storyBackground"
    onClick={undefined}
  >
    <article
      className="Story"
    >
      <div
        className="image"
        style={
          Object {
            "backgroundImage": "url(https://bt.no/bilder/image.jpg)",
          }
        }
      >
        <div
          className="Brand"
        >
          <svg
            className="Logo"
            viewBox="0 0 900 300"
          >
            <path
              d="M421 94.1c0-.36-.04-1.03-.03-1.14-.64.15-3.14.21-5.1-1.26-1.71-1.29-3-3.06-3.79-5.05a11.4 11.4 0 0 1-.76-2.82 20.9 20.9 0 0 0-13.2 3.72c-4.5 3.14-3.52 7.31-3 8.56-3.3.42-5.93 4.83-15.8-2.42 2.45 8.55 10.7 11 10.7 11s-3.36 2.84-9.36 2.96a18.04 18.04 0 0 0 16.9 5.96c9.48-1.63 14.3-6.72 12.6-9.54l-1.49-2.6a9.88 9.88 0 0 1 2.02-.54c4.36-.68 8.77-.16 11.1 1.01l-11.8 12.8s-1.66 1.82-.41 3.25c1.53 1.8 3.18.05 3.18.05l11.2-12.2c-.08-.13-2.57-4.76-2.96-9.06a22.76 22.76 0 0 1-.18-2.68zm-18.1 14.5l-6.51-12.7a7.55 7.55 0 0 1-.28-1.92c0-1.46.71-2.99 2.02-3.72 0 0 5.9 12 6.08 12-2.62 2.23-2.04 4.58-1.31 6.36zm85-12.8a5.08 5.08 0 0 0-4.99-5.2 5.1 5.1 0 0 0-5.01 5.22 5.1 5.1 0 0 0 5.02 5.19 5.1 5.1 0 0 0 4.99-5.2zm-38.1-5.2a5.12 5.12 0 0 0-5.03 5.2 5.12 5.12 0 0 0 5.03 5.2 5.1 5.1 0 0 0 4.98-5.2 5.1 5.1 0 0 0-4.98-5.2zm27.3 8.3a5.14 5.14 0 0 0-5.08-5.16 5.1 5.1 0 0 0-5.02 5.17 5.11 5.11 0 0 0 5.02 5.16 5.1 5.1 0 0 0 5.07-5.17zm-11.3 0a5.1 5.1 0 0 0-5.04-5.16 5.1 5.1 0 0 0-4.99 5.17 5.1 5.1 0 0 0 4.99 5.16 5.07 5.07 0 0 0 5.03-5.17zm7.02 9.72a5.12 5.12 0 0 0 5.02 5.16 5.1 5.1 0 0 0 5.01-5.15 5.1 5.1 0 0 0-5.01-5.2 5.09 5.09 0 0 0-5.02 5.19zm-11.3 0a5.1 5.1 0 0 0 5.01 5.16c2.8 0 5.02-2.34 5.02-5.16a5.1 5.1 0 0 0-5.02-5.2 5.1 5.1 0 0 0-5.01 5.2zm-6.27-5.2a5.12 5.12 0 0 0-5.02 5.2 5.12 5.12 0 0 0 5.02 5.16c2.8 0 5.02-2.34 5.01-5.15a5.15 5.15 0 0 0-5.01-5.2zm65.2-19.5c.18-3.87-.29-7.72-1.36-11.4 1.43-.27 2.72-.99 3.76-2.01 1.82-1.8 6.02-7.33 4.65-19.8-1.56-14.2-8.83-26.8-21.4-37.8l1.62-1.7 1.4 3.7L515.14.2l-15.3 7.2 4.7 1.24-1.66 1.8-.43-.27-2.57 2.66.5.46-1.3 1.44c-.16-.12-.3-.26-.42-.4l-2.71 2.8.46.4-1.44 1.56c-.28-.3-.46-.43-.46-.43l-4.4 4.58.35.34-.92 1.1a36.6 36.6 0 0 0-19-8.32 438.5 438.5 0 0 0-3.5-4.73V9.06a2.35 2.35 0 0 0 1.56-2.2 2.32 2.32 0 0 0-2.27-2.38A2.32 2.32 0 0 0 464 6.83c0 1.04.66 1.95 1.62 2.26v1.83l-3.46 4.67a36.3 36.3 0 0 0-19.3 8.18l-.82-.97.44-.32-4.44-4.56s-.18.13-.44.43l-1.44-1.55.44-.4-2.68-2.81-.4.4-1.35-1.44.47-.46-2.57-2.63-.4.28-1.63-1.83 4.65-1.25-17-7.4 6.02 14.7 1.38-3.67 1.61 1.69c-12.6 11.1-19.9 23.6-21.4 37.8-1.34 12.5 2.82 18 4.65 19.8a7.38 7.38 0 0 0 3.76 2.02 35.2 35.2 0 0 0-1.37 11.4s.25 1.25.84 2.68c.75 1.83 2 3.44 3.64 4.55a6.94 6.94 0 0 0 5.47.82s-.15 1.36.2 4.83c.36 3.46 2.66 8.09 2.76 8.29 1.42 2.74 4.3 5.83 7.68 5.83 4.8 0 4.15-5.2 5.81-7.94 2.11-3.43 6.64-6.26 4.5-9.57a6 6 0 0 0-4.52-2.8l-.01-.01 5.08-5.43a36.32 36.32 0 0 0 22.6 7.98c8.61 0 16.5-3.03 22.9-8.13l5.23 5.6a6.1 6.1 0 0 0-4.53 2.81c-2.14 3.3 2.41 6.12 4.53 9.57 1.68 2.74 1.01 7.92 5.81 7.92 3.34 0 6.28-3.08 7.69-5.83.1-.21 2.41-4.85 2.71-8.21.3-3.37.17-4.75.17-4.75s3.18.8 5.46-.83c1.6-1.15 2.7-2.83 3.61-4.53.45-.83.87-2.68.87-2.68zm-1.23-12.8l-13.3-6.35c2.42.2 3.61 0 4.41-2.72l-.07-.06 12.9 6.09a8.21 8.21 0 0 1-3.9 3.05zm-15.6-55.9c.86.84 1.72 1.66 2.63 2.46.46.46.95 2.04 0 2.99-1.19 1.22-2.56.62-3.14.18-.88-.75-1.72-1.5-2.54-2.3zm-4.65 5.1c.8.65 1.56 1.35 2.29 2.08.33.34 1.17 1.86.04 3.03v-.02c-1.23 1.31-2.79.48-2.79.48l-2.57-2.3zm-65.6-.04l.01-.01-.01.01 3.03 3.24s-1.47 2-2.59 2.32c-.9.27-1.53.85-2.79-.46-1.13-1.16-.28-2.69.04-3.05.15-.16 1.03-.98 2.3-2.05zm-7.25-2.65l2.65-2.45 3.03 3.31c-.82.8-1.66 1.57-2.53 2.3-.57.46-2.01 1.05-3.15-.17-.98-.95-.48-2.53 0-2.99zm-13.1 53.5s-2.17-.65-3.86-3.05l12.9-6.09c.83 2.74 2.02 2.93 4.4 2.74zm10.2 18.9c-3.09 1.93-5.25.73-6.96-.74l10.5-8.92c1.11 5.13 5.08 1.37 6.09.94-2.24 2-9.54 8.65-9.65 8.73zm10.1 19.3c-.94.2-1.37.66-3.33-.9l7.79-12.1c.9.81 2.66.74 3.88-.3-1.52 1.74-5.22 6.67-5.81 8.63-.68 2.24-.93 4.32-2.53 4.65zm3.31-23.2c-1.11-5.38-.77-10.1-4.95-9.45-1.34.2-2.59.76-3.66 1.6-1.1-2.54.55-10.9.85-14.2.25-3.03-.78-4.4-2.27-4.59a6.1 6.1 0 0 0-3.66.54c-2.02-3.18-1.42-8.48.13-13.7 2.34-7.78 10.8-16.2 15.3-20.2l1.14 1.25a39.37 39.37 0 0 0-10.9 27.2c.02 10.9 4.4 20.8 11.5 27.8zm4.34-33l1.31-1.74h.94v30.2l-.06.02c-6-7.6-10-17.4-10-27.6 0-17.1 12.2-32.3 28.4-35.2l-22.7 30.5zm30.8 26.6c0 .23.12 7.22.09 10.3-3.88.7-7.85.71-11.7.05-.05-3.43.04-6.87.06-10.3a5.9 5.9 0 0 1 5.75-5.96 5.96 5.96 0 0 1 5.83 5.96zm8.06-1.72l.76-.06V74.9h-1.77c-1.66-4.88-5.2-8.46-10.3-9.2v-1.16h-5.07l.01 1.14c-4.55.75-8.64 4.36-10.3 9.2h-1.72v3.03l.76.06v9a34.99 34.99 0 0 1-6.76-3.98V50.9h41.3v31.9l.02.02a29.72 29.72 0 0 1-6.93 4.12zm9.28 3.24l-.01.02v-30.5h.89l1.38 1.8.16-.15 3.81-3.11-22.7-30.5c16.4 3.3 27.9 18 27.9 35.2 0 10.1-4.13 19.7-11.5 26.6zm2.76 1.06a39.24 39.24 0 0 0 11.3-27.6 39.44 39.44 0 0 0-10.7-27.1l1.28-1.43c4.62 4.12 13.1 12.5 15.5 20.2 1.58 5.17 2.13 10.5.07 13.7a6.15 6.15 0 0 0-3.64-.55c-1.5.21-2.48 1.56-2.24 4.58.3 3.27 1.98 11.6.8 14.2 0 0-1.5-1.28-3.62-1.58-4.22-.62-3.84 4.07-5.01 9.44zm6.87 27.2c-1.65-.32-1.86-2.43-2.54-4.65-.6-1.96-4.3-6.9-5.81-8.64 1.23 1.06 2.96 1.11 3.88.3l7.76 12.1c-1.95 1.58-2.36 1.12-3.29.94zm.6-27.9c1.04.43 5.05 4.18 6.09-.93l10.5 8.89c-1.72 1.47-3.84 2.68-6.96.76-.09-.08-7.4-6.72-9.63-8.71zm-44-21.5h21.9v-4.4h-22zm80.5 53.2a17.97 17.97 0 0 0 16.9-5.96c-5.95-.1-9.31-2.93-9.31-2.93s8.24-2.53 10.7-11l-.34.03c-9.9 7.24-12.5 2.82-15.8 2.41.52-1.28 1.5-5.42-3-8.56-3.84-2.68-8.48-4-13.2-3.7-.09.23-.26 1.46-.79 2.8-.79 2-2.08 3.76-3.8 5.04a7.07 7.07 0 0 1-5.08 1.28c-.12 1.62-.18 2.9-.25 3.81-.36 4.28-2.94 9.02-2.94 9.02l11.3 12.2s1.58 1.75 3.14-.04c1.28-1.43-.4-3.24-.4-3.24l-11.4-12.8c2.32-1.16 6.73-1.73 11.1-1 .68.12 1.34.27 2.04.54l-1.5 2.6c-1.62 2.8 3.16 7.89 12.7 9.53zm.81-17.7l-6.5 12.7c.68-1.78 1.27-4.12-1.36-6.36.21.03 6.1-12 6.1-12a4.26 4.26 0 0 1 2.03 3.72 8.2 8.2 0 0 1-.27 1.9zM191 35.9c-5.63 4.37-10.2-2.24-14.4-1.2l-9.35 10.9a16.54 16.54 0 0 0-4.15-8.7 19.5 19.5 0 0 0-7.57-4.88c-2.51 4.3-4.94 8.65-7.4 13 1.06.1 2.14.38 2.93 1.09 2.45 2.2 1.37 8.76 1.37 11.7v19.9c0 8.46-2.68 24.4 3.12 31.4 1.62 2.13 5.98 3.84 5.98 3.84l11.2-13.7c-8-.95-5.17-18.1-5.17-23.5v-25.1a8.81 8.81 0 0 1 3.82-3.66c8.35 9.56 18.4-2.32 20.8-10.3zm132 48.8V62.8c0-12.4 1.25-23.9-11.7-30.8-5.75 3.73-10.5 9.07-14.3 14.7A17.64 17.64 0 0 0 285.1 32c-2.68 4.18-5.04 8.58-7.52 12.9 2.33 0 4.44 3.3 4.44 5.32v33.9c0 10.1-2.68 24.5 9.05 29l11.3-13.8s-2.33.47-4.07-2.1c-3.45-5.09-1.2-16.2-1.2-21.9v-22.3c0-6.56 10.8-7.37 10.8 0v32.6c0 9.93-2.41 23.3 9.05 27.8l11.1-13.7s-2.07.04-4.04-2.15c-2.13-2.33-1.06-9.97-1.06-12.7zM91 14.3c-2.6-4.67-3-9.72 2.3-12.5V.9C80.5 6.36 69.2 13.3 61.2 24.8 52.9 2 24.3-8.9 5.7 9.7c-9.99 10-7.69 29.9 4.3 37.7l.65-1.34c-13.5-16.3 7.1-34.4 23-22.1 17.1 13.4 17.5 37.6 9 55.8l.75 1c13.7-12.1 22-34.4 18.7-52.2 1.77-3.32 4.36-6.17 6.7-9.1v30.9c-4.55.71-4.71 5.93 0 6.47v28.1s-3.93-1.1-6.97 2.14l-8.9 9.44c-6.7-6.4-21.4-16.3-21.2-26.7.06-3.81 2.24-6.96 6.2-6.85l.1-1.06c-14.6.38-20.4 18-14.4 29.4 2.25 4.29 5.64 8.09 9.3 11.6 3.28 3.16 6.77 6.1 9.87 9.03L59 93.13c-3.5 20.8 23.8 26.8 34.4 11.8 9.1-13.6 10.1-44.2-6.8-52.1 6.7-4.2 13.9-10.6 13.9-19.3-1-8.2-5.9-12.6-9.5-19.3zM72.2 84.8V57c2.57.15 5.16-.18 7.63-.86 3.06 5.77 1.03 16.8 1.03 22.9 0 7.64 2.5 20.7-.7 27.9-2.63 5.57-10.7 2.86-14.3 0-3.77-3.05-4.96-7.61-4.34-12.2a7.24 7.24 0 0 0 14-.41c1.3-4.9-3.37-6.03-3.37-9.46zm.1-34.7V16.2c1.41-1.56 5.57-3.61 6.47-5.22-4.09 8.04-3.32 17.1 2.33 24.1 4.2 5.21 7.57 10.3 1.8 16.2a39.54 39.54 0 0 0-10.6-1.17zm273 62.9c8.77-3 17.7-6.63 22.9-14.8 4.59-7.18 6.49-20 .24-26.9-4.05-4.49-12-4.96-22.5-.9l.05-22.9a9.04 9.04 0 0 0 6.54 2.75c8.46-.33 13.4-8.78 15.4-16.3l-1.23-1.04c-3.14 5.99-9.87 5.59-13.3-.02-7.54 3.33-15.6 8.7-19.8 15.9-4.65 8.05-5.83 31.8 9.83 27.5 2.43-.66 8.88-4.02 11.3-2.57 1.59.95.94 19.8.92 26.3-9.14-14.4-22.1 2.02-24.8 11.9l1.33.86c4.13-5.05 9.43-5.88 13.2.21zm-238-15.9c0 8.76 11.9 13.6 18.7 16.1l10.5-13.8c-6.32-.46-14.2-2.79-14.2-10.3v-16c7.55-3.27 18.6-8.4 20.8-17.1 1.47-5.67-1.17-21.2-7.26-23.8-2.28-.98-12.1 5.56-21.3 11.9-3.85 2.67-7.37 5.28-7.37 9.33v43.9zm24-42.3c.66 4.33.12 10.3-4.06 12.9-1.4.85 2.19-1.31 0 0a31.58 31.58 0 0 1-4.31 2.32v-12.4c0-3.75-1.27-10.5.55-14.1a2.74 2.74 0 0 1 1.47-1.29c3.44.49 5.96 9.97 6.35 12.5zm103-1.52v43.9c0 8.79 11.8 13.5 18.7 16.1l10-13.6c-6.35-.48-14.2-2.78-14.2-10.3v-16.2c7.55-3.3 18.6-8.39 20.8-17.1 1.46-5.68-1.2-21.1-7.22-24.1-2.29-1.13-17.6 9.61-21.4 12.2-3.85 2.61-7.34 5.28-7.34 9.33zm17.1-11h.01l.05-.04c3.42.56 5.95 9.94 6.33 12.5.65 4.34.2 10.5-4.03 12.9l-4.33 2.45v-23.2c0-1.97.2-3.56 1.96-4.63zm-28.5 9.5c0-2.93-.79-7.86 1.56-9.87a500.12 500.12 0 0 0-10.3-7.37c-4.46-3.08-5.93-2.36-10.4.98a139.36 139.36 0 0 0-10.4 8.71c-2.99 2.75-11.5 8.9-11.5 13.5v39.4c0 7.8 7.85 14.3 14.9 16.1l10.9-16.4c-.03 3.7-.6 8.5 1.17 11.8 2.89 5.4 6.56 7.6 6.96 14.4.75 13-16 19-23.9 8.67-.26-.34-.14-1.34.24-1.16 6.34 3.06 12.3-3.72 9.1-9.63-3.6-6.8-13.9-2.85-14.1 4.24-.39 15.5 20.5 17 30.6 11.2a22.45 22.45 0 0 0 10.7-14.7c1.6-7.2-1.4-11-4.5-16.9-1.8-3.15-1.12-8.34-1.12-11.9zM197 68.48c0-5.58-2.18-21.4 2.99-25 2.5-1.77 7.67 4.64 7.76 6.75.64 15 .34 29.1 0 43.1-3.33 4.97-10.8 5.18-10.8-1.91zM800 84.8v-22c0-12.4 1.25-24.1-11.7-30.8-5.74 3.78-10.5 9.04-14.3 14.7A17.42 17.42 0 0 0 762.2 32c-2.69 4.18-5.07 8.58-7.58 12.9.03 0 1.45.66 2.2 1.14a4.95 4.95 0 0 1 2.26 4.18v29.1c0 8.16-2.44 23 3.11 29.9 1.46 1.81 3.82 3.05 5.95 3.85l11.3-13.8s-2.31.47-4.04-2.1c-3.44-5.08-1.21-16.2-1.22-21.9l-.03-22.6c0-6.54 10.8-7.39 10.8 0v32.6c0 9.91-2.41 23.5 9.05 27.8l11.1-13.8s-2.07.08-4.04-1.99c-2.12-2.23-1.01-9.75-1.01-12.5zM643 32c-3.98 4.64-7.85 9.41-11.8 14.1 0 0 2.34-.05 4.55 2.29 2.39 2.54 1.16 8.95 1.16 12l-.01 23.5c-.01 10.4-2.68 24.4 9.07 29.1l11.1-13.7c-3.08-.43-4.82-2.64-4.98-5.57-.63-11.2-.08-22.6-.08-33.2 0-10.7 2.41-23.9-9.05-28.6zm1.22-7.28c3.34 0 6.35-7.42 7.14-9.81 1.8-5.48-.43-12.2-7.12-12.4-5.47 0-8.64 5.25-7.71 10.2.52 2.82 3.79 11.9 7.7 11.9zm60.3 74.3l.04-41.6c.01-5.65.62-11.9-1.34-17.2-2.6-7.15-8.85-13.7-13.4-19.7-6.98-9.2-9.67-12.5-8.06-14.6 1.45-1.85 4.46.77 5.43 1.93l2-2.36a11.96 11.96 0 0 0-11.9-3.81c-3.46.9-6.13 3.59-7.57 6.79-4.89 10.9 5.6 20.8 11.4 29-5.5 3.08-17.4 10.4-17.4 15.2v45c0 4.62 3.63 9.57 7.31 12.1.87.58 6.21 4.55 7.53 3.49 5.11-.65 25.9-7.17 25.9-14.2zm-14.9 2.59c-13.7 6.23-10.8-15.9-10.8-23l-.07-33.6c0-1.59 2.56-4.85 4.25-4.85 1.84 2.01 6.6 7.91 6.6 11.1zm129-93.6c-4.76 10.9 5.57 20.8 11.4 29-5.46 3.08-17.4 10.4-17.4 15.2v45c0 4.62 3.63 9.57 7.31 12.1.86.58 6.2 4.56 7.51 3.49 5.11-.65 25.9-7.17 25.9-14.2l.04-41.6c.01-5.65.61-11.9-1.34-17.2-2.62-7.17-8.93-13.7-13.5-19.7-6.99-9.17-9.59-12.5-8.04-14.5 1.41-1.87 4.46.82 5.38 1.93l2.14-2.24a12.17 12.17 0 0 0-12.1-3.93c-2.93.73-5.68 3.31-7.39 6.77zm9.13 84.6h-.01l-.12-48.2c0-2.08 2.54-4.12 4.2-4.85 1.88 2.01 6.68 7.91 6.68 11.1v50.4c-7.14 3.34-10.8-2.19-10.8-8.54zm36.4 4.12c0 8.8 11.8 13.5 18.7 16.1l10.5-13.7c-6.35-.48-14.1-2.78-14.1-10.3v-16.1c1.04-.43 5.48-2.84 13.1-7.13 6.37-3.61 8.97-9.66 8.04-16.9-.51-3.97-3.46-14.7-7.54-16.6-4.03-2.02-17.8 9.32-21.3 11.7-3.9 2.59-7.38 5.28-7.38 9.33v43.9zm15.1-50.1c0-1.53.18-2.68.5-3.36.35-.58.91-1.04 1.52-1.29 4.1.65 6.53 11.9 6.53 14.9 0 6.79-2.53 10.1-8.55 12.8zm-164 6.29v43.9c0 8.79 11.8 13.5 18.7 16.1l10.5-13.8c-6.33-.46-14.2-2.78-14.2-10.3v-16c7.55-3.24 18.6-8.41 20.8-17.1 1.45-5.65-1.26-21.1-7.22-23.8-2.27-.88-16.9 8.83-21.4 11.9-3.81 2.63-7.31 5.28-7.31 9.33zm15.1 16.7c0-5.41-3.12-24.5 2.04-27.6 3.39.55 5.92 9.98 6.3 12.5.66 4.36.13 10.3-4.01 12.9a37.87 37.87 0 0 1-4.33 2.28zm-134 25.9c8.8-3.88 20-11.3 20.5-22.4.55-12.9-14.4-23.8-3.72-35.5 4.99 1.28 10.9.75 14.6-2.41 7.38-6.27 9.87-18.4-1.26-22.3l-1.04 2.01c2.72 1.37 8.13 4.64 4.76 8.24a3.56 3.56 0 0 1-4.18.64l-24-12.6c-12-6.28-25-16.1-39-9.55-9.55 4.59-13.8 16.6-11.8 26.8 1.86 9.35 14.8 14.3 21.7 6.87.1-.12.1-.16.1-.16l-1.16-1.52c-5.46 4.64-14.9 3.36-17.1-4.1-1.1-4.83.62-10.1 4.76-12.8 3.73-2.45 8.6-2.5 12.6-.51 10.6 5.32 38.4 20.2 38.4 20.2a30.02 30.02 0 0 0-13.4 12.9c-6.9 13.1 5.5 21.9 5.05 33-.08 2.08-.26 4.34-1.43 6.06-1.67 2.49-7.33 5.22-7.33 5.22-19.2-12.5-16.2-42.2 1.01-54.9l-1.06-1.25c-14.8 6.35-27.1 18.7-28.4 35.2-1.03 13 3.45 26 14.6 33.4 9.34 6.24 22.4 8.56 33 3.82 11-4.93 17.1-15.9 19.2-27.2h-2.1c.02 0-1.24 6.68-4.5 10-8.94 9.1-25.1 4.8-28.9 2.63z"
            />
          </svg>
        </div>
        <h1>
          <a
            className="title"
            href="http://example.com/news/breaking-news-shock"
            onClick={[Function]}
            target="_blank"
          >
            Title of the story
          </a>
        </h1>
      </div>
      <main>
        <span
          className="lede"
        >
          Shocking lede: Some news happened!
        </span>
        <div
          className="Dateline"
        >
          publisert for rundt 48 år siden
        </div>
        <div
          className="body"
        >
          bla bla bla bla
        </div>
      </main>
      <nav
        className="navigate"
      >
        <div
          className="back"
          onClick={undefined}
        >
          <svg
            className="Chevron"
            viewBox="0 0 640 640"
          >
            <path
              d="M120.4 512.98l192-192-192-192 128-128 320 320-320 320z"
            />
          </svg>
        </div>
        <a
          className="ExternalLink"
          href="http://example.com/news/breaking-news-shock"
          onClick={[Function]}
          target="_blank"
        >
          les saken på 
          bt.no
        </a>
        <div
          className="forward"
          onClick={undefined}
        >
          <svg
            className="Chevron"
            viewBox="0 0 640 640"
          >
            <path
              d="M120.4 512.98l192-192-192-192 128-128 320 320-320 320z"
            />
          </svg>
        </div>
      </nav>
    </article>
  </div>
</div>
`;
